true
true true
true true false
true true false false
